// Jest Snapshot v1, https://goo.gl/fbAQLP

exports[`should render ExpenseDashboard 1`] = `
<div>
  Dashboard Component
  <Connect(ExpenseListFilters) />
  <Connect(ExpenseList) />
</div>
`;
